Microchip MPLAB XC8 PIC(R) Assembler V3.10

Linker command line:

-W-3 --edf=/Applications/microchip/xc8/v3.10/pic/dat/20250813170317_en.msgs \
  -cs -h+dist/default/production/TP2c_timer2_interruption.X.production.sym \
  --cmf=dist/default/production/TP2c_timer2_interruption.X.production.cmf \
  -z -Q18F25K40 -o/tmp/xcni82dfr/driver_tmp_3.o --fixupoverflow=error \
  -ver=XC8 PIC(R) Assembler --fixupoverflow=lstwarn \
  -Mdist/default/production/TP2c_timer2_interruption.X.production.map -E1 \
  -ACODE=00h-07FFFh -ACONST=00h-07FFFh -ASMALLCONST=0800h-08FFhx120 \
  -AMEDIUMCONST=0800h-07FFFh -ACOMRAM=00h-05Fh -AABS1=00h-07FFh \
  -ABIGRAM=00h-07FFh -ARAM=060h-0FFh,0100h-01FFhx7 -ABANK0=060h-0FFh \
  -ABANK1=0100h-01FFh -ABANK2=0200h-02FFh -ABANK3=0300h-03FFh \
  -ABANK4=0400h-04FFh -ABANK5=0500h-05FFh -ABANK6=0600h-06FFh \
  -ABANK7=0700h-07FFh -ASFR=0EA0h-0EFFhx2,0F60h-0FFFh -ABIGSFR=0EA0h-0FFFh \
  -ACONFIG=0300000h-030000Bh -AIDLOC=0200000h-020000Fh \
  -AEEDATA=0310000h-03100FFh build/default/production/main.o 

Object code version is 3.11

Machine type is 18F25K40



                Name                               Link     Load   Length Selector   Space Scale
build/default/production/main.o
                code                                  0        0      152        0       0

TOTAL           Name                               Link     Load   Length     Space
        CLASS   CODE           
                code                                  0        0      152         0

        CLASS   CONST          

        CLASS   SMALLCONST     

        CLASS   MEDIUMCONST    

        CLASS   COMRAM         

        CLASS   ABS1           

        CLASS   BIGRAM         

        CLASS   RAM            

        CLASS   BANK0          

        CLASS   BANK1          

        CLASS   BANK2          

        CLASS   BANK3          

        CLASS   BANK4          

        CLASS   BANK5          

        CLASS   BANK6          

        CLASS   BANK7          

        CLASS   SFR            

        CLASS   BIGSFR         

        CLASS   CONFIG         

        CLASS   IDLOC          

        CLASS   EEDATA         



SEGMENTS        Name                           Load    Length   Top    Selector   Space  Class



UNUSED ADDRESS RANGES

        Name                Unused          Largest block    Delta
        BANK0            060-0FF            A0
        BANK1            100-1FF           100
        BANK2            200-2FF           100
        BANK3            300-3FF           100
        BANK4            400-4FF           100
        BANK5            500-5FF           100
        BANK6            600-6FF           100
        BANK7            700-7FF           100
        BIGRAM           152-7FF           6AE
        BIGSFR           EA0-FFF           160
        CODE             152-7FFF          7EAE
        COMRAM           000-05F            60
        CONFIG           300000-30000B             C
        CONST            152-7FFF          7EAE
        EEDATA           310000-3100FF           100
        IDLOC            200000-20000F            10
        MEDIUMCONST      800-7FFF          7800
        RAM              060-7FF           100
        SFR              EA0-FFF            60
        SMALLCONST       800-7FFF           100

                                  Symbol Table

__H__absolute__ __absolute__ 000  __Hcode         code         000
__Hdata         data         000  __Hedata        edata        000
__Hspace_0      (abs)        152  __Hspace_1      (abs)        000
__Hspace_3      (abs)        000  __Hudata        udata        000
__Hudata_acs    udata_acs    000  __Hudata_bank0  udata_bank0  000
__Hudata_bank1  udata_bank1  000  __Hudata_bank2  udata_bank2  000
__Hudata_bank3  udata_bank3  000  __Hudata_bank4  udata_bank4  000
__Hudata_bank5  udata_bank5  000  __Hudata_bank6  udata_bank6  000
__Hudata_bank7  udata_bank7  000  __L__absolute__ __absolute__ 000
__Lcode         code         000  __Ldata         data         000
__Ledata        edata        000  __Lspace_0      (abs)        000
__Lspace_1      (abs)        000  __Lspace_3      (abs)        000
__Ludata        udata        000  __Ludata_acs    udata_acs    000
__Ludata_bank0  udata_bank0  000  __Ludata_bank1  udata_bank1  000
__Ludata_bank2  udata_bank2  000  __Ludata_bank3  udata_bank3  000
__Ludata_bank4  udata_bank4  000  __Ludata_bank5  udata_bank5  000
__Ludata_bank6  udata_bank6  000  __Ludata_bank7  udata_bank7  000
__S0            (abs)        000  __S1            (abs)        000
__S3            (abs)        000  isa$std         (abs)        001
isa$xinst       (abs)        000  
